// Jest Snapshot v1, https://goo.gl/fbAQLP

exports[`About page should match snapshot 1`] = `
<Page
  pageName="about"
>
  Acerca de
</Page>
`;
