// Jest Snapshot v1, https://goo.gl/fbAQLP

exports[`Doubts page should match snapshot 1`] = `
<Page
  pageName="doubts"
>
  <div
    id="doubts-main-content"
  >
    <DoubtsMainContent />
    <Doubts />
  </div>
</Page>
`;
