// Jest Snapshot v1, https://goo.gl/fbAQLP

exports[`Layout component should match snapshot 1`] = `
<html
  lang="es-ar"
>
  <head>
    <meta
      charSet="utf-8"
    />
    <meta
      content="width=device-width, initial-scale=1"
      name="viewport"
    />
    <meta
      content="Monitor presupuestario es una plataforma en la que encontrarás información de los diferentes organismos, ministerios, secretarías, programas y actividades presupuestarias desde el año 2007 hasta la actualidad y podrás monitorear la asignación y ejecución del presupuesto naciona"
      name="description"
    />
    <title>
      Monitor presupuestario
    </title>
    <link
      href="/static/favicon.ico"
      rel="icon"
      type="image/x-icon"
    />
    <link
      href="/static/http://style.css"
      key="http://style.css"
      rel="stylesheet"
    />
    <link
      href="https://fonts.googleapis.com/css?family=Rubik:300,400&display=swap"
      rel="stylesheet"
    />
  </head>
  <body>
    <div
      id="root"
    >
      <div
        id="dummy-children"
        mocked="children-props"
      />
    </div>
    <script
      dangerouslySetInnerHTML={
        Object {
          "__html": "window.__INITIAL__DATA__={\\"mocked\\":\\"children-props\\"};",
        }
      }
    />
    <script
      key="http://script.js"
      src="/static/http://script.js"
    />
  </body>
</html>
`;
