// Jest Snapshot v1, https://goo.gl/fbAQLP

exports[`Page component should match snapshot 1`] = `
<Fragment>
  <div
    id="main"
    key="main"
  >
    <Menu
      selectedPage="mocked-page"
    />
    <div
      id="page-content"
    />
  </div>
  <Footer
    key="footer"
  />
</Fragment>
`;
